Startpoint: reg_a/CK (rising edge-triggered flip-flop clocked by clk)
Endpoint: reg_b/D (rising edge-triggered flip-flop clocked by clk)
Path Group: clk
Path Type: max

  Delay    Time   Description
---------------------------------------------------------
   0.00    0.00   clock clk (rise edge)
   0.00    0.00   clock network delay (ideal)
   0.00    0.00   reg_a/CK (DFF_X1)
   0.15    0.15   reg_a/Q (DFF_X1)
   0.24    0.39   u_and1/Z (AND2_X2)
   0.21    0.60   u_inv1/Z (INV_X2)
   0.15    0.75   reg_b/D (DFF_X1)
   0.75           data arrival time

   1.20    1.20   clock clk (rise edge)
   0.00    1.20   clock network delay (ideal)
   0.00    1.20   reg_b/CK (DFF_X1)
  -0.05    1.15   library setup time
            1.15   data required time
---------------------------------------------------------
            1.15   data required time
           -0.75   data arrival time
---------------------------------------------------------
            0.40   slack (MET)


Startpoint: reg_c/CK (rising edge-triggered flip-flop clocked by clk)
Endpoint: reg_d/D (rising edge-triggered flip-flop clocked by clk)
Path Group: clk
Path Type: max

  Delay    Time   Description
---------------------------------------------------------
   0.00    0.00   clock clk (rise edge)
   0.00    0.00   clock network delay (ideal)
   0.00    0.00   reg_c/CK (DFF_X1)
   0.14    0.14   reg_c/Q (DFF_X1)
   0.30    0.44   u_or1/Z (OR2_X2)
   0.27    0.71   u_mux1/Z (MUX2_X2)
   0.14    0.85   u_buf1/Z (BUF_X4)
   0.11    0.96   reg_d/D (DFF_X1)
   0.96           data arrival time

   1.20    1.20   clock clk (rise edge)
   0.00    1.20   clock network delay (ideal)
   0.00    1.20   reg_d/CK (DFF_X1)
  -0.05    1.15   library setup time
            1.15   data required time
---------------------------------------------------------
            1.15   data required time
           -0.96   data arrival time
---------------------------------------------------------
            0.19   slack (MET)


Startpoint: reg_e/CK (rising edge-triggered flip-flop clocked by clk)
Endpoint: reg_f/D (rising edge-triggered flip-flop clocked by clk)
Path Group: clk
Path Type: max

  Delay    Time   Description
---------------------------------------------------------
   0.00    0.00   clock clk (rise edge)
   0.00    0.00   clock network delay (ideal)
   0.00    0.00   reg_e/CK (DFF_X1)
   0.13    0.13   reg_e/Q (DFF_X1)
   0.24    0.37   u_nand1/Z (NAND2_X1)
   0.47    0.84   reg_f/D (DFF_X1)
   0.84           data arrival time

   1.20    1.20   clock clk (rise edge)
   0.00    1.20   clock network delay (ideal)
   0.00    1.20   reg_f/CK (DFF_X1)
  -0.05    1.15   library setup time
            1.15   data required time
---------------------------------------------------------
            1.15   data required time
           -0.84   data arrival time
---------------------------------------------------------
            0.31   slack (MET)


Startpoint: reg_i/CK (rising edge-triggered flip-flop clocked by clk)
Endpoint: reg_j/D (rising edge-triggered flip-flop clocked by clk)
Path Group: clk
Path Type: max

  Delay    Time   Description
---------------------------------------------------------
   0.00    0.00   clock clk (rise edge)
   0.00    0.00   clock network delay (ideal)
   0.00    0.00   reg_i/CK (DFF_X1)
   0.17    0.17   reg_i/Q (DFF_X1)
   0.35    0.52   u_add1/Z (ADD_X1)
   0.33    0.85   u_add2/Z (ADD_X1)
   0.20    1.05   reg_j/D (DFF_X1)
   1.05           data arrival time

   1.20    1.20   clock clk (rise edge)
   0.00    1.20   clock network delay (ideal)
   0.00    1.20   reg_j/CK (DFF_X1)
  -0.05    1.15   library setup time
            1.15   data required time
---------------------------------------------------------
            1.15   data required time
           -1.05   data arrival time
---------------------------------------------------------
            0.10   slack (MET)
