Startpoint: reg_a/CK (rising edge-triggered flip-flop clocked by clk)
Endpoint: reg_b/D (rising edge-triggered flip-flop clocked by clk)
Path Group: clk
Path Type: max

  Delay    Time   Description
---------------------------------------------------------
   0.00    0.00   clock clk (rise edge)
   0.00    0.00   clock network delay (ideal)
   0.00    0.00   reg_a/CK (DFF_X1)
   0.15    0.15   reg_a/Q (DFF_X1)
   0.32    0.47   u_and1/Z (AND2_X1)
   0.28    0.75   u_inv1/Z (INV_X1)
   0.18    0.93   reg_b/D (DFF_X1)
   0.93           data arrival time

   1.20    1.20   clock clk (rise edge)
   0.00    1.20   clock network delay (ideal)
   0.00    1.20   reg_b/CK (DFF_X1)
  -0.05    1.15   library setup time
            1.15   data required time
---------------------------------------------------------
            1.15   data required time
           -0.93   data arrival time
---------------------------------------------------------
            0.22   slack (MET)


Startpoint: reg_c/CK (rising edge-triggered flip-flop clocked by clk)
Endpoint: reg_d/D (rising edge-triggered flip-flop clocked by clk)
Path Group: clk
Path Type: max

  Delay    Time   Description
---------------------------------------------------------
   0.00    0.00   clock clk (rise edge)
   0.00    0.00   clock network delay (ideal)
   0.00    0.00   reg_c/CK (DFF_X1)
   0.14    0.14   reg_c/Q (DFF_X1)
   0.41    0.55   u_or1/Z (OR2_X1)
   0.39    0.94   u_mux1/Z (MUX2_X1)
   0.22    1.16   u_buf1/Z (BUF_X2)
   0.16    1.32   reg_d/D (DFF_X1)
   1.32           data arrival time

   1.20    1.20   clock clk (rise edge)
   0.00    1.20   clock network delay (ideal)
   0.00    1.20   reg_d/CK (DFF_X1)
  -0.05    1.15   library setup time
            1.15   data required time
---------------------------------------------------------
            1.15   data required time
           -1.32   data arrival time
---------------------------------------------------------
           -0.17   slack (VIOLATED)


Startpoint: reg_e/CK (rising edge-triggered flip-flop clocked by clk)
Endpoint: reg_f/D (rising edge-triggered flip-flop clocked by clk)
Path Group: clk
Path Type: max

  Delay    Time   Description
---------------------------------------------------------
   0.00    0.00   clock clk (rise edge)
   0.00    0.00   clock network delay (ideal)
   0.00    0.00   reg_e/CK (DFF_X1)
   0.13    0.13   reg_e/Q (DFF_X1)
   0.24    0.37   u_nand1/Z (NAND2_X1)
   0.19    0.56   reg_f/D (DFF_X1)
   0.56           data arrival time

   1.20    1.20   clock clk (rise edge)
   0.00    1.20   clock network delay (ideal)
   0.00    1.20   reg_f/CK (DFF_X1)
  -0.05    1.15   library setup time
            1.15   data required time
---------------------------------------------------------
            1.15   data required time
           -0.56   data arrival time
---------------------------------------------------------
            0.59   slack (MET)


Startpoint: reg_g/CK (rising edge-triggered flip-flop clocked by clk)
Endpoint: reg_h/D (rising edge-triggered flip-flop clocked by clk)
Path Group: clk
Path Type: max

  Delay    Time   Description
---------------------------------------------------------
   0.00    0.00   clock clk (rise edge)
   0.00    0.00   clock network delay (ideal)
   0.00    0.00   reg_g/CK (DFF_X1)
   0.16    0.16   reg_g/Q (DFF_X1)
   0.30    0.46   u_xor1/Z (XOR2_X1)
   0.27    0.73   reg_h/D (DFF_X1)
   0.73           data arrival time

   1.20    1.20   clock clk (rise edge)
   0.00    1.20   clock network delay (ideal)
   0.00    1.20   reg_h/CK (DFF_X1)
  -0.05    1.15   library setup time
            1.15   data required time
---------------------------------------------------------
            1.15   data required time
           -0.73   data arrival time
---------------------------------------------------------
            0.42   slack (MET)
